<?php return array (
  0 => 'Symfony\\Bundle\\FrameworkBundle\\Controller\\AbstractController',
  1 => 'Codebuster\\GptBundle\\Controller\\GptController',
  2 => 'Contao\\CoreBundle\\Controller\\AbstractBackendController',
  3 => 'Contao\\CoreBundle\\Controller\\AbstractController',
  4 => 'Contao\\CoreBundle\\Controller\\AbstractFragmentController',
  5 => 'Contao\\CoreBundle\\Controller\\BackendController',
  6 => 'Contao\\CoreBundle\\Controller\\BackendCsvImportController',
  7 => 'Contao\\CoreBundle\\Controller\\BackendPreviewController',
  8 => 'Contao\\CoreBundle\\Controller\\BackendPreviewSwitchController',
  9 => 'Contao\\CoreBundle\\Controller\\CaptchaController',
  10 => 'Contao\\CoreBundle\\Controller\\ContentElement\\AbstractContentElementController',
  11 => 'Contao\\CoreBundle\\Controller\\ContentElement\\MarkdownController',
  12 => 'Contao\\CoreBundle\\Controller\\ContentElement\\TemplateController',
  13 => 'Contao\\CoreBundle\\Controller\\FaviconController',
  14 => 'Contao\\CoreBundle\\Controller\\FrontendController',
  15 => 'Contao\\CoreBundle\\Controller\\FrontendModule\\AbstractFrontendModuleController',
  16 => 'Contao\\CoreBundle\\Controller\\FrontendModule\\RootPageDependentModulesController',
  17 => 'Contao\\CoreBundle\\Controller\\FrontendModule\\TemplateController',
  18 => 'Contao\\CoreBundle\\Controller\\FrontendModule\\TwoFactorController',
  19 => 'Contao\\CoreBundle\\Controller\\ImagesController',
  20 => 'Contao\\CoreBundle\\Controller\\InitializeController',
  21 => 'Contao\\CoreBundle\\Controller\\InsertTagsController',
  22 => 'Contao\\CoreBundle\\Controller\\Page\\ErrorPageController',
  23 => 'Contao\\CoreBundle\\Controller\\Page\\RootPageController',
  24 => 'Contao\\CoreBundle\\Controller\\PreviewLinkController',
  25 => 'Contao\\CoreBundle\\Controller\\RobotsTxtController',
  26 => 'Contao\\CoreBundle\\Controller\\SitemapController',
  27 => 'Contao\\CoreBundle\\Entity\\CrawlQueue',
  28 => 'Contao\\CoreBundle\\Entity\\CronJob',
  29 => 'Contao\\CoreBundle\\Entity\\RememberMe',
  30 => 'Contao\\CoreBundle\\Entity\\TrustedDevice',
  31 => 'Contao\\InstallationBundle\\Controller\\InstallationController',
  32 => 'Contao\\ManagerBundle\\Controller\\DebugController',
  33 => 'Digiwerft\\Gutscheinwerft\\Controller\\ApiController\\GutscheinwerftApi',
  34 => 'Digiwerft\\Gutscheinwerft\\Controller\\ContentElements\\GutscheinwerftElement',
  35 => 'Doctrine\\Bundle\\DoctrineBundle\\Controller\\ProfilerController',
  36 => 'Doctrine\\ORM\\Cache\\Persister\\Entity\\AbstractEntityPersister',
  37 => 'Doctrine\\ORM\\Cache\\Persister\\Entity\\CachedEntityPersister',
  38 => 'Doctrine\\ORM\\Cache\\Persister\\Entity\\NonStrictReadWriteCachedEntityPersister',
  39 => 'Doctrine\\ORM\\Cache\\Persister\\Entity\\ReadOnlyCachedEntityPersister',
  40 => 'Doctrine\\ORM\\Cache\\Persister\\Entity\\ReadWriteCachedEntityPersister',
  41 => 'Doctrine\\ORM\\Persisters\\Entity\\AbstractEntityInheritancePersister',
  42 => 'Doctrine\\ORM\\Persisters\\Entity\\BasicEntityPersister',
  43 => 'Doctrine\\ORM\\Persisters\\Entity\\CachedPersisterContext',
  44 => 'Doctrine\\ORM\\Persisters\\Entity\\EntityPersister',
  45 => 'Doctrine\\ORM\\Persisters\\Entity\\JoinedSubclassPersister',
  46 => 'Doctrine\\ORM\\Persisters\\Entity\\SingleTablePersister',
  47 => 'Ivo\\ProtectPage\\Controller\\AuthController',
  48 => 'Nelmio\\SecurityBundle\\Controller\\ContentSecurityPolicyController',
  49 => 'Scheb\\TwoFactorBundle\\Controller\\FormController',
  51 => 'Symfony\\Bundle\\FrameworkBundle\\Controller\\ControllerResolver',
  52 => 'Symfony\\Bundle\\FrameworkBundle\\Controller\\RedirectController',
  53 => 'Symfony\\Bundle\\FrameworkBundle\\Controller\\TemplateController',
  54 => 'Symfony\\Bundle\\WebProfilerBundle\\Controller\\ExceptionPanelController',
  55 => 'Symfony\\Bundle\\WebProfilerBundle\\Controller\\ProfilerController',
  56 => 'Symfony\\Bundle\\WebProfilerBundle\\Controller\\RouterController',
  57 => 'Symfony\\Cmf\\Bundle\\RoutingBundle\\Controller\\RedirectController',
  58 => 'Symfony\\Component\\HttpKernel\\Controller\\ArgumentResolver',
  59 => 'Symfony\\Component\\HttpKernel\\Controller\\ArgumentResolverInterface',
  60 => 'Symfony\\Component\\HttpKernel\\Controller\\ArgumentResolver\\DefaultValueResolver',
  61 => 'Symfony\\Component\\HttpKernel\\Controller\\ArgumentResolver\\NotTaggedControllerValueResolver',
  62 => 'Symfony\\Component\\HttpKernel\\Controller\\ArgumentResolver\\RequestAttributeValueResolver',
  63 => 'Symfony\\Component\\HttpKernel\\Controller\\ArgumentResolver\\RequestValueResolver',
  64 => 'Symfony\\Component\\HttpKernel\\Controller\\ArgumentResolver\\ServiceValueResolver',
  65 => 'Symfony\\Component\\HttpKernel\\Controller\\ArgumentResolver\\SessionValueResolver',
  66 => 'Symfony\\Component\\HttpKernel\\Controller\\ArgumentResolver\\TraceableValueResolver',
  67 => 'Symfony\\Component\\HttpKernel\\Controller\\ArgumentResolver\\VariadicValueResolver',
  68 => 'Symfony\\Component\\HttpKernel\\Controller\\ArgumentValueResolverInterface',
  69 => 'Symfony\\Component\\HttpKernel\\Controller\\ContainerControllerResolver',
  70 => 'Symfony\\Component\\HttpKernel\\Controller\\ControllerReference',
  71 => 'Symfony\\Component\\HttpKernel\\Controller\\ControllerResolver',
  72 => 'Symfony\\Component\\HttpKernel\\Controller\\ControllerResolverInterface',
  73 => 'Symfony\\Component\\HttpKernel\\Controller\\ErrorController',
  74 => 'Symfony\\Component\\HttpKernel\\Controller\\TraceableArgumentResolver',
  75 => 'Symfony\\Component\\HttpKernel\\Controller\\TraceableControllerResolver',
  76 => 'Symfony\\Component\\Security\\Http\\Controller\\UserValueResolver',
  77 => 'Terminal42\\NotificationCenterBundle\\Controller\\DownloadBulkyItemController',
  78 => 'Terminal42\\NotificationCenterBundle\\Controller\\FrontendModule\\LostPasswordController',
  79 => 'Terminal42\\NotificationCenterBundle\\Controller\\FrontendModule\\Newsletter\\SubscribeController',
  80 => 'Terminal42\\NotificationCenterBundle\\Controller\\FrontendModule\\Newsletter\\UnsubscribeController',
  81 => 'Terminal42\\NotificationCenterBundle\\Controller\\FrontendModule\\RegistrationController',
  82 => 'Terminal42\\UrlRewriteBundle\\Controller\\QrCodeController',
  83 => 'Terminal42\\UrlRewriteBundle\\Controller\\RewriteController',
);